<html>
<body>
<pre>
<h1>µVision Build Log</h1>
<h2>Tool Versions:</h2>
IDE-Version: µVision V5.38.0.0
Copyright (C) 2022 ARM Ltd and ARM Germany GmbH. All rights reserved.
License Information: thai nguyen, tula, LIC=14HV2-9QPCG-63VMB-2LCNB-C9LMR-39GXH
 
Tool Versions:
Toolchain:       MDK-ARM Plus  Version: 5.39.0.0
Toolchain Path:  C:\Keil_v5\ARM\ARMCLANG\Bin
C Compiler:      ArmClang.exe V6.21
Assembler:       Armasm.exe V6.21
Linker/Locator:  ArmLink.exe V6.21
Library Manager: ArmAr.exe V6.21
Hex Converter:   FromElf.exe V6.21
CPU DLL:         SARMCM3.DLL V5.39.0.0
Dialog DLL:      DARMCM1.DLL V1.19.6.0
    Target DLL: Nu_Link.dll
Dialog DLL:      TARMCM1.DLL V1.14.6.0
 
<h2>Project:</h2>
C:\Users\nguye\Desktop\crc\SampleCode\ExampleCode\NUC240_Software_CRC\KEIL\Software_CRC.uvprojx
Project File Date:  05/26/2024

<h2>Output:</h2>
*** Using Compiler 'V6.21', folder: 'C:\Keil_v5\ARM\ARMCLANG\Bin'
Build target 'Software_CRC'
assembling startup_NUC230_240.s...
creating preprocessor file for system_NUC230_240.c...
creating list file for main.c...
creating list file for system_NUC230_240.c...
compiling system_NUC230_240.c...
creating preprocessor file for main.c...
compiling main.c...
creating list file for retarget.c...
creating preprocessor file for retarget.c...
compiling retarget.c...
creating preprocessor file for sys.c...
creating list file for sys.c...
creating preprocessor file for clk.c...
compiling sys.c...
creating list file for clk.c...
compiling clk.c...
creating preprocessor file for uart.c...
creating list file for uart.c...
compiling uart.c...
linking...
.\obj\Software_CRC.axf: Warning: L6803W: Relocation #REL:1 in retarget.o(.text.HardFault_Handler) with respect to retarget.o. Thumb Branch is unlikely to reach target inHard_Fault_Handler(.text.Hard_Fault_Handler).
.\obj\Software_CRC.axf: Warning: L6803W: Relocation #REL:2 in retarget.o(.text.HardFault_Handler) with respect to retarget.o. Thumb Branch is unlikely to reach target inHard_Fault_Handler(.text.Hard_Fault_Handler).
Program Size: Code=7404 RO-data=2512 RW-data=44 ZI-data=1032  
Finished: 0 information, 2 warning and 0 error messages.
After Build - User command #1: fromelf --bin ".\obj\Software_CRC.axf" --output ".\obj\Software_CRC.bin"
After Build - User command #2: fromelf --text -c ".\obj\Software_CRC.axf" --output ".\obj\Software_CRC.txt"
".\obj\Software_CRC.axf" - 0 Error(s), 2 Warning(s).

<h2>Software Packages used:</h2>

Package Vendor: ARM
                http://www.keil.com/pack/ARM.CMSIS.5.9.0.pack
                ARM.CMSIS.5.9.0
                CMSIS (Common Microcontroller Software Interface Standard)
   * Component: CORE Version: 5.6.0

Package Vendor: Nuvoton
                https://github.com/OpenNuvoton/cmsis-packs/raw/master/Nuvoton_DFP/Nuvoton.NuMicro_DFP.1.3.23.pack
                Nuvoton.NuMicro_DFP.1.3.23
                Nuvoton ARM Cortex-M NuMicro Family Device Support

<h2>Collection of Component include folders:</h2>
  ./RTE/_Software_CRC
  C:/Users/nguye/AppData/Local/Arm/Packs/ARM/CMSIS/5.9.0/CMSIS/Core/Include
  C:/Users/nguye/AppData/Local/Arm/Packs/Nuvoton/NuMicro_DFP/1.3.23/Device/NUC230_240/Include

<h2>Collection of Component Files used:</h2>

   * Component: ARM::CMSIS:CORE:5.6.0
Build Time Elapsed:  00:00:06
</pre>
</body>
</html>
